mood.n.fa 1 :: خو 1;حال 1;حالت 1;روحيه 1;خلق 1;وضع 1;
mood.n.fa 2 :: حوصله 2;حالت 1;روحيه 1;تمايل 1;دل و دماغ 1;گرايش 1;حال 1;
mood.n.fa 3 :: روحيه 2;تمايل 2;گرايش 2;حوصله 1;
mood.n.fa 4 :: دل و دماغ 3;حال 2;حوصله 2;روحيه 1;
mood.n.fa 5 :: وضع 3;حالت 2;روحيه 1;
mood.n.fa 6 :: وضع 2;حال 2;حالت 2;روحيه 1;
mood.n.fa 7 :: حال 2;خلق 2;خو 1;حالت 1;روحيه 1;
mood.n.fa 8 :: حالت 2;خلق 2;خو 1;تمايل 1;روحيه 1;گرايش 1;وضع 1;
mood.n.fa 9 :: حالت 2;تمايل 2;روحيه 1;حوصله 1;
mood.n.fa 10 :: حال 2;روحيه 2;حالت 1;حوصله 1;خلق 1;وضع 1;
mood.n.fa 11 :: حالت 3;وضع 1;روحيه 1;گرايش 1;
mood.n.fa 12 :: حالت 3;وضع 2;خلق 1;روحيه 1;گرايش 1;
mood.n.fa 13 :: وضع 3;حالت 3;تمايل 1;
mood.n.fa 14 :: خو 2;حالت 2;خلق 2;روحيه 2;حال 1;
mood.n.fa 15 :: حال 3;خلق 2;حوصله 2;خو 1;دل و دماغ 1;
mood.n.fa 16 :: وضع 2;حال 2;حالت 1;روحيه 1;
mood.n.fa 17 :: حالت 3;وضع 1;خلق 1;روحيه 1;
mood.n.fa 18 :: حال 3;روحيه 3;وضع 1;دل و دماغ 1;
mood.n.fa 19 :: حال 2;حوصله 1;روحيه 1;تمايل 1;دل و دماغ 1;وضع 1;
mood.n.fa 20 :: روحيه 3;حال 2;حالت 2;
mood.n.fa 21 :: حالت 2;وضع 1;حال 1;خلق 1;روحيه 1;
mood.n.fa 22 :: حالت 3;وضع 2;حال 1;روحيه 1;
mood.n.fa 23 :: حال 3;حالت 2;خلق 1;
mood.n.fa 24 :: نظر 3;رويكرد 2;وضع 1;حالت 1;گرايش 1;
mood.n.fa 25 :: رويكرد 3;وضع 1;تمايل 1;نظر 1;گرايش 1;
mood.n.fa 26 :: حالت 2;حال 1;تمايل 1;روحيه 1;خلق 1;گرايش 1;وضع 1;
mood.n.fa 27 :: تمايل 2;گرايش 2;حال 1;روحيه 1;دل و دماغ 1;
mood.n.fa 28 :: حال 2;حالت 2;وضع 1;تمايل 1;روحيه 1;
mood.n.fa 29 :: گرايش 3;حالت 2;تمايل 2;وضع 1;
mood.n.fa 30 :: روحيه 3;خو 1;حال 1;خلق 1;حوصله 1;
mood.n.fa 31 :: حال 2;حالت 2;روحيه 2;وضع 1;
mood.n.fa 32 :: حالت 3;وضع 2;حال 2;خلق 1;روحيه 1;
mood.n.fa 33 :: روحيه 3;حال 2;خلق 2;حالت 1;
mood.n.fa 34 :: وضع 3;حالت 3;روحيه 1;
mood.n.fa 35 :: روحيه 3;خلق 2;خو 1;حالت 1;حوصله 1;حال 1;
mood.n.fa 36 :: وضع 2;تمايل 2;حالت 1;گرايش 1;
mood.n.fa 37 :: وضع 2;حال 2;حالت 2;روحيه 2;خلق 1;
mood.n.fa 38 :: حال 3;روحيه 3;خلق 1;حوصله 1;
mood.n.fa 39 :: حال 2;حالت 2;روحيه 2;وضع 1;
mood.n.fa 40 :: حالت 3;وضع 2;روحيه 2;
mood.n.fa 41 :: روحيه 2;خلق 2;خو 1;حالت 1;حوصله 1;حال 1;
mood.n.fa 42 :: تمايل 3;گرايش 2;وضع 1;خلق 1;
mood.n.fa 43 :: وضع 3;حالت 3;
mood.n.fa 44 :: حال 3;حالت 2;تمايل 1;روحيه 1;
mood.n.fa 45 :: نظر 2;گرايش 2;وضع 1;رويكرد 1;روحيه 1;
mood.n.fa 46 :: گرايش 3;تمايل 2;وضع 1;حالت 1;
mood.n.fa 47 :: حالت 3;وضع 2;گرايش 1;
mood.n.fa 48 :: تمايل 2;گرايش 2;حالت 1;خلق 1;روحيه 1;
mood.n.fa 49 :: وضع 3;حالت 2;تمايل 1;
mood.n.fa 50 :: گرايش 3;روحيه 2;تمايل 2;وضع 1;حال 1;
