coach.n.fa 1 :: واگن درجه سه 2;اتوبوس 2;كالسكه 1;دليجان 1;اتومبيل 1;واگن 1;
coach.n.fa 2 :: اتوبوس 3;اتومبيل 2;واگن 1;
coach.n.fa 3 :: مربي ورزش 3;مربي 2;سرپرست امور ورزشي 1;سرمربي 1;معلم خصوصي 1;
coach.n.fa 4 :: كالسكه 3;دليجان 2;
coach.n.fa 5 :: نقطه ضعف را برجسته كردن 3;چاله چوله را نشان دادن 3;
coach.n.fa 6 :: مربي ورزش 3;سرمربي 3;مربي 3;
coach.n.fa 7 :: واگن 3;واگن درجه سه 2;
coach.n.fa 8 :: واگن 3;
coach.n.fa 9 :: بر هم زدن 3;نقض كردن 2;چاله چوله را نشان دادن 1;
coach.n.fa 10 :: كالسكه 3;دليجان 3;
coach.n.fa 11 :: واگن 3;واگن درجه سه 2;
coach.n.fa 12 :: سرمربي 3;مربي 3;مربي ورزش 2;سرپرست امور ورزشي 1;
coach.n.fa 13 :: واگن 3;واگن درجه سه 2;
coach.n.fa 14 :: كالسكه 3;دليجان 3;
coach.n.fa 15 :: Coach 3;
coach.n.fa 16 :: مربي 3;مربي ورزش 2;سرمربي 2;معلم خصوصي 1;
coach.n.fa 17 :: واگن 3;واگن درجه سه 2;
coach.n.fa 18 :: اتوبوس 2;واگن 1;واگن درجه سه 1;
coach.n.fa 19 :: كالسكه 3;دليجان 3;
coach.n.fa 20 :: كالسكه 3;اتوبوس 2;دليجان 2;اتومبيل 1;
coach.n.fa 21 :: اتوبوس 2;اتومبيل 1;واگن 1;واگن درجه سه 1;
coach.n.fa 22 :: مربي ورزش 3;مربي 3;سرمربي 2;سرپرست امور ورزشي 1;
coach.n.fa 23 :: مربي 3;سرپرست امور ورزشي 1;سرمربي 1;
coach.n.fa 24 :: كالسكه 3;دليجان 3;
coach.n.fa 25 :: اتومبيل 2;كالسكه 1;اتوبوس 1;
coach.n.fa 26 :: اتوبوس 2;كالسكه 1;دليجان 1;اتومبيل 1;
coach.n.fa 27 :: مربي 3;معلم خصوصي 2;مربي ورزش 1;سرمربي 1;
coach.n.fa 28 :: مربي ورزش 3;سرمربي 3;مربي 2;سرپرست امور ورزشي 1;
coach.n.fa 29 :: مربي ورزش 3;سرمربي 3;مربي 2;سرپرست امور ورزشي 1;
coach.n.fa 30 :: مربي ورزش 3;مربي 3;سرمربي 2;معلم خصوصي 1;
coach.n.fa 31 :: اتومبيل 3;اتوبوس 2;
coach.n.fa 32 :: اتوبوس 3;واگن 1;
coach.n.fa 33 :: كالسكه 3;دليجان 3;
coach.n.fa 34 :: مربي ورزش 3;مربي 3;معلم خصوصي 2;
coach.n.fa 35 :: مربي ورزش 3;سرمربي 3;مربي 3;
coach.n.fa 36 :: اتوبوس 3;واگن 1;
coach.n.fa 37 :: سرمربي 3;مربي ورزش 2;مربي 2;سرپرست امور ورزشي 1;
coach.n.fa 38 :: كالسكه 3;دليجان 3;
coach.n.fa 39 :: اتوبوس 3;اتومبيل 2;
coach.n.fa 40 :: كالسكه 3;دليجان 3;
coach.n.fa 41 :: اتوبوس 3;اتومبيل 2;كالسكه 1;
coach.n.fa 42 :: اتوبوس 3;اتومبيل 2;
coach.n.fa 43 :: اتوبوس 3;اتومبيل 2;واگن 1;
coach.n.fa 44 :: اتوبوس 3;اتومبيل 1;
coach.n.fa 45 :: اتوبوس 3;اتومبيل 2;
coach.n.fa 46 :: اتوبوس 3;اتومبيل 2;
coach.n.fa 47 :: اتومبيل 3;اتوبوس 3;
coach.n.fa 48 :: اتوبوس 3;اتومبيل 2;
coach.n.fa 49 :: اتوبوس 2;اتومبيل 1;واگن 1;واگن درجه سه 1;
coach.n.fa 50 :: اتوبوس 2;واگن 2;واگن درجه سه 1;
