test.n.fa 1 :: ازمون 3;محك 2;تست 2;ازمايش 1;
test.n.fa 2 :: تست 3;ازمايش 2;سنجش 2;محك 1;ازمون 1;
test.n.fa 3 :: ازمايش 3;تست 3;سنجش 1;ازمون 1;
test.n.fa 4 :: ازمايش 2;تست 2;ازمون 1;
test.n.fa 5 :: ازمايش 3;محك 1;تست 1;
test.n.fa 6 :: سنجش 2;ازمون 2;امتحان 1;ازمايش 1;تست 1;
test.n.fa 7 :: ازمايش 2;ازمون 2;تست 2;
test.n.fa 8 :: ازمايش 2;معيار 1;سنجش 1;وسيله سنجش 1;تست 1;
test.n.fa 9 :: ازمايش 2;سنجش 2;محك 2;معيار 1;
test.n.fa 10 :: سنجش 3;تست 3;ازمايش 2;محك 1;
test.n.fa 11 :: محك 3;سنجش 2;تست 2;ازمون 1;
test.n.fa 12 :: ازمون 3;امتحان 2;تست 2;ازمايش 1;سنجش 1;
test.n.fa 13 :: معيار 3;محك 2;سنجش 1;وسيله سنجش 1;تست 1;
test.n.fa 14 :: ازمايش 3;تست 2;ازمون 1;
test.n.fa 15 :: ازمايش 3;تست 3;
test.n.fa 16 :: ازمايش 3;تست 3;سنجش 1;
test.n.fa 17 :: ازمايش 3;امتحان 1;ازمون 1;تست 1;
test.n.fa 18 :: ازمايش 3;ازمون 2;تست 2;سنجش 1;محك 1;
test.n.fa 19 :: ازمايش 3;تست 3;محك 1;ازمون 1;
test.n.fa 20 :: ازمايش 3;سنجش 1;ازمون 1;تست 1;
test.n.fa 21 :: ازمايش 2;سنجش 2;محك 2;بوته 1;تست 1;
test.n.fa 22 :: ازمايش 3;سنجش 1;محك 1;ازمون 1;تست 1;
test.n.fa 23 :: ازمايش 3;تست 3;ازمون 1;
test.n.fa 24 :: ازمايش 3;سنجش 2;تست 2;ازمون 1;
test.n.fa 25 :: ازمايش 3;سنجش 1;محك 1;تست 1;
test.n.fa 26 :: ازمايش 3;ازمون 2;تست 2;سنجش 1;
test.n.fa 27 :: ازمايش 2;سنجش 2;ازمون 2;تست 2;محك 1;
test.n.fa 28 :: ازمايش 3;تست 2;
test.n.fa 29 :: ازمايش 3;تست 3;سنجش 1;
test.n.fa 30 :: ازمايش 3;سنجش 2;تست 2;معيار 1;
test.n.fa 31 :: ازمايش 2;سنجش 2;محك 2;تست 2;معيار 1;
test.n.fa 32 :: ازمايش 3;تست 2;سنجش 1;ازمون 1;
test.n.fa 33 :: ازمايش 2;ازمون 2;تست 2;امتحان 1;معيار 1;
test.n.fa 34 :: معيار 2;سنجش 2;وسيله سنجش 2;محك 1;تست 1;
test.n.fa 35 :: ازمايش 3;تست 3;
test.n.fa 36 :: تست 3;ازمون 2;سنجش 2;امتحان 1;
test.n.fa 37 :: سنجش 3;ازمايش 2;تست 2;معيار 1;
test.n.fa 38 :: ازمايش 3;تست 3;سنجش 1;
test.n.fa 39 :: تست 3;ازمايش 2;سنجش 1;
test.n.fa 40 :: ازمايش 3;تست 3;سنجش 2;
test.n.fa 41 :: ازمايش 2;تست 2;معيار 1;سنجش 1;
test.n.fa 42 :: ازمايش 2;تست 2;معيار 1;وسيله سنجش 1;
test.n.fa 43 :: ازمايش 2;تست 2;معيار 1;وسيله سنجش 1;
test.n.fa 44 :: ازمايش 2;سنجش 2;تست 2;ازمون 1;
test.n.fa 45 :: سنجش 2;تست 2;ازمايش 1;محك 1;معيار 1;ازمون 1;
test.n.fa 46 :: سنجش 2;معيار 2;ازمايش 1;تست 1;وسيله سنجش 1;ازمون 1;
test.n.fa 47 :: سنجش 3;ازمايش 1;محك 1;تست 1;
test.n.fa 48 :: ازمايش 2;سنجش 2;تست 2;معيار 1;ازمون 1;
test.n.fa 49 :: سنجش 3;ازمايش 2;ازمون 1;تست 1;بوته 1;
test.n.fa 50 :: سنجش 3;ازمايش 2;تست 2;محك 1;ازمون 1;
