range.n.fa 1 :: محدوده 3;گستره 1;حدود 1;حوزه 1;دامنه 1;
range.n.fa 2 :: گستره 3;وسعت 2;محدوده 1;دامنه 1;حدود 1;تنوع 1;
range.n.fa 3 :: رشته كوه 3;سلسله جبال 2;دشت 1;مرتع 1;
range.n.fa 4 :: محدوده 3;گستره 1;برد 1;حدود 1;دامنه 1;
range.n.fa 5 :: دامنه 3;گستره 2;محدوده 1;وسعت 1;برد 1;تنوع 1;
range.n.fa 6 :: برد 3;تيررس 2;گستره 1;دامنه 1;
range.n.fa 7 :: تيررس 2;محدوده 2;برد 2;دسترسي 1;
range.n.fa 8 :: تنوع 3;گستره 2;محدوده 1;وسعت 1;دامنه 1;
range.n.fa 9 :: محدوده 2;وسعت 2;گستره 1;نوع 1;دامنه 1;
range.n.fa 10 :: گستره 2;محدوده 2;دامنه 2;گونه 1;
range.n.fa 11 :: گستره 3;دامنه 2;تنوع 1;
range.n.fa 12 :: گستره 2;رسايي 1;محدوده 1;دامنه 1;برد 1;حدود 1;حوزه 1;
range.n.fa 13 :: چراگاه 3;مرتع 1;محلي 1;خانگي 1;
range.n.fa 14 :: محدوده 2;حدود 1;درجه 1;حوزه 1;سري 1;
range.n.fa 15 :: محدوده 3;گستره 1;حدود 1;حوزه 1;برد 1;
range.n.fa 16 :: گستره 3;دامنه 2;گونه 1;محدوده 1;نوع 1;
range.n.fa 17 :: گستره 3;دامنه 2;محدوده 1;تنوع 1;
range.n.fa 18 :: خانگي 3;محلي 3;
range.n.fa 19 :: گستره 3;دامنه 3;محدوده 1;وسعت 1;
range.n.fa 20 :: گستره 1;محدوده 1;سلسله جبال 1;رشته كوه 1;نوع 1;گونه 1;تنوع 1;حوزه 1;
range.n.fa 21 :: محلي 3;خانگي 2;چراگاه 1;مرتع 1;
range.n.fa 22 :: ميدان تير 3;ميدان 2;
range.n.fa 23 :: گستره 3;دامنه 3;تنوع 1;حوزه 1;وسعت 1;
range.n.fa 24 :: گستره 2;محدوده 2;دامنه 2;تنوع 1;
range.n.fa 25 :: تيررس 3;برد 2;دسترسي 1;
range.n.fa 26 :: چراگاه 1;مرتع 1;
range.n.fa 27 :: برد 3;تيررس 2;رسايي 1;
range.n.fa 28 :: ميدان تير 3;ميدان 2;
range.n.fa 29 :: رسايي 2;گستره 1;محدوده 1;وسعت 1;دامنه 1;برد 1;
range.n.fa 30 :: محدوده 3;دامنه 1;برد 1;تيررس 1;دسترسي 1;حوزه 1;
range.n.fa 31 :: محدوده 3;گستره 2;حدود 1;
range.n.fa 32 :: محلي 3;خانگي 3;مرتع 1;
range.n.fa 33 :: گستره 3;دامنه 3;حوزه 1;
range.n.fa 34 :: سلسله جبال 3;رشته كوه 3;
range.n.fa 35 :: برد 3;تيررس 2;گستره 1;دسترسي 1;
range.n.fa 36 :: برد 3;تيررس 2;دسترسي 2;
range.n.fa 37 :: سلسله جبال 3;رشته كوه 3;
range.n.fa 38 :: محدوده 3;تيررس 2;برد 1;
range.n.fa 39 :: برد 2;دامنه 2;گستره 1;دسترسي 1;حوزه 1;
range.n.fa 40 :: گستره 3;دامنه 3;محدوده 2;
range.n.fa 41 :: محدوده 3;گستره 1;حدود 1;تنوع 1;حوزه 1;
range.n.fa 42 :: گستره 3;دامنه 3;محدوده 1;تنوع 1;وسعت 1;
range.n.fa 43 :: دامنه 3;گستره 2;محدوده 2;حوزه 1;وسعت 1;
range.n.fa 44 :: تيررس 3;برد 3;دسترسي 2;
range.n.fa 45 :: محدوده 3;گستره 1;حدود 1;حوزه 1;دامنه 1;
range.n.fa 46 :: گستره 3;محدوده 2;دامنه 1;نوع 1;گونه 1;تنوع 1;
range.n.fa 47 :: چراگاه 1;مرتع 1;محلي 1;
range.n.fa 48 :: گستره 2;دامنه 2;نوع 1;تنوع 1;حوزه 1;
range.n.fa 49 :: گستره 2;محدوده 2;تنوع 1;وسعت 1;دامنه 1;
range.n.fa 50 :: گستره 2;محدوده 2;دامنه 1;نوع 1;راسته 1;حدود 1;
